INFO:     Started server process [462444]
INFO:     Waiting for application startup.
INFO:     Application startup complete.
INFO:     Uvicorn running on http://127.0.0.1:8000 (Press CTRL+C to quit)
2026-02-10 11:29:37 - [INFO] - TradeRepository: Database initialized.
[I 260210 11:29:37 smartConnect:124] in pool
2026-02-10 11:29:37 - [INFO] - MarketService: Connected to Angel One 🟢
>>> [System] Connecting to Angel One...
>>> [System] Login Successful!
INFO:     127.0.0.1:38054 - "GET /api/daily-summary HTTP/1.1" 200 OK
2026-02-10 11:29:38 - [INFO] - Starting Bot Manager (Lifecycle Mode)... DryRun: True
2026-02-10 11:29:38 - [INFO] - [Lifecycle] Lifecycle Loop Started 🚀
INFO:     127.0.0.1:38062 - "POST /api/start HTTP/1.1" 200 OK
2026-02-10 11:29:38 - [INFO] - [Lifecycle] ⏰ Time 09:20+ Detected. Switching to Main Auto-Strategy...
2026-02-10 11:29:38 - [INFO] - [Lifecycle] Executing: /usr/bin/python3 main.py --auto --dry-run
2026-02-10 11:29:39 - [INFO] - [Bot] 2026-02-10 11:29:39 - [INFO] - TradeRepository: Database initialized.
2026-02-10 11:29:39 - [INFO] - [Bot] [I 260210 11:29:39 smartConnect:124] in pool

-------------------------------------------
   NIFTY BOT LIFECYCLE MANAGER 🤖⏰
-------------------------------------------
1. 09:15 AM -> Attempt OHL Scalp
2. 09:20 AM -> Switch to Smart Auto Mode
3. 15:30 PM -> Auto Shutdown
-------------------------------------------

INFO:     127.0.0.1:38072 - "GET /api/daily-summary HTTP/1.1" 200 OK
2026-02-10 11:29:40 - [INFO] - [Lifecycle] Stopping Lifecycle Manager...
2026-02-10 11:29:40 - [INFO] - [Lifecycle] Sending Kill Signal to Child Process...
2026-02-10 11:29:40 - [INFO] - [Bot] >>> [System] STARTING IN DRY RUN MODE 🟡
2026-02-10 11:29:40 - [INFO] - [Bot] (Real Data, No Orders)
2026-02-10 11:29:40 - [INFO] - [Bot] >>> [System] Connecting to Angel One...
2026-02-10 11:29:40 - [INFO] - [Bot] >>> [System] Signal Received (15). Initiating Graceful Shutdown...
2026-02-10 11:29:40 - [INFO] - [Lifecycle] Child Process terminated gracefully.
INFO:     127.0.0.1:38078 - "POST /api/stop HTTP/1.1" 200 OK
2026-02-10 11:29:43 - [INFO] - Starting Bot Manager (Lifecycle Mode)... DryRun: False
INFO:     127.0.0.1:60782 - "POST /api/start HTTP/1.1" 200 OK
2026-02-10 11:29:43 - [INFO] - [Lifecycle] Lifecycle Loop Started 🚀
2026-02-10 11:29:43 - [INFO] - [Lifecycle] ⏰ Time 09:20+ Detected. Switching to Main Auto-Strategy...
2026-02-10 11:29:43 - [INFO] - [Lifecycle] Executing: /usr/bin/python3 main.py --auto
2026-02-10 11:29:44 - [INFO] - [Bot] 2026-02-10 11:29:44 - [INFO] - TradeRepository: Database initialized.
2026-02-10 11:29:44 - [INFO] - [Bot] [I 260210 11:29:44 smartConnect:124] in pool

-------------------------------------------
   NIFTY BOT LIFECYCLE MANAGER 🤖⏰
-------------------------------------------
1. 09:15 AM -> Attempt OHL Scalp
2. 09:20 AM -> Switch to Smart Auto Mode
3. 15:30 PM -> Auto Shutdown
-------------------------------------------

INFO:     127.0.0.1:60786 - "GET /api/daily-summary HTTP/1.1" 200 OK
2026-02-10 11:29:44 - [INFO] - [Lifecycle] Stopping Lifecycle Manager...
2026-02-10 11:29:44 - [INFO] - [Lifecycle] Sending Kill Signal to Child Process...
2026-02-10 11:29:45 - [INFO] - [Bot] >>> [System] Connecting to Angel One...
2026-02-10 11:29:45 - [INFO] - [Bot] >>> [System] Login Successful!
2026-02-10 11:29:45 - [INFO] - [Bot] >>> [Data] Downloading Scrip Master (This may take 10s)...
2026-02-10 11:29:45 - [INFO] - [Bot] >>> [System] Signal Received (15). Initiating Graceful Shutdown...
2026-02-10 11:29:45 - [INFO] - [Lifecycle] Child Process terminated gracefully.
INFO:     127.0.0.1:60790 - "POST /api/stop HTTP/1.1" 200 OK
INFO:     127.0.0.1:54000 - "GET /api/daily-summary HTTP/1.1" 200 OK
2026-02-10 11:31:15 - [INFO] - Starting Bot Manager (Lifecycle Mode)... DryRun: True
INFO:     127.0.0.1:56778 - "POST /api/start HTTP/1.1" 200 OK
2026-02-10 11:31:15 - [INFO] - [Lifecycle] Lifecycle Loop Started 🚀
2026-02-10 11:31:15 - [INFO] - [Lifecycle] ⏰ Time 09:20+ Detected. Switching to Main Auto-Strategy...
2026-02-10 11:31:15 - [INFO] - [Lifecycle] Executing: /usr/bin/python3 main.py --auto --dry-run
2026-02-10 11:31:16 - [INFO] - [Bot] 2026-02-10 11:31:16 - [INFO] - TradeRepository: Database initialized.
2026-02-10 11:31:16 - [INFO] - [Bot] [I 260210 11:31:16 smartConnect:124] in pool
2026-02-10 11:31:19 - [INFO] - [Bot] >>> [System] STARTING IN DRY RUN MODE 🟡
2026-02-10 11:31:19 - [INFO] - [Bot] (Real Data, No Orders)
2026-02-10 11:31:19 - [INFO] - [Bot] >>> [System] Connecting to Angel One...
2026-02-10 11:31:19 - [INFO] - [Bot] >>> [System] Login Successful!
2026-02-10 11:31:19 - [INFO] - [Bot] >>> [Data] Downloading Scrip Master (This may take 10s)...
2026-02-10 11:31:19 - [INFO] - [Bot] >>> [Data] Scrip Master Loaded.
2026-02-10 11:31:19 - [INFO] - [Bot] >>> [System] 🧠 SMART AUTO-MODE ACTIVATED
2026-02-10 11:31:19 - [INFO] - [Bot] >>> [Brain] 🧠 Analyzing Market Conditions...
2026-02-10 11:31:19 - [INFO] - [Bot] ------------------------------------
2026-02-10 11:31:19 - [INFO] - [Bot] [ GATEKEEPER ] ACCOUNT HEALTH 🛡️
2026-02-10 11:31:19 - [INFO] - [Bot] ------------------------------------
2026-02-10 11:31:19 - [INFO] - [Bot] Active Mode:      🟡 SIMULATION
2026-02-10 11:31:19 - [INFO] - [Bot] Available Cash:   ₹ 500,000.00
2026-02-10 11:31:19 - [INFO] - [Bot] Required Margin:  ₹ 165,000.00
2026-02-10 11:31:19 - [INFO] - [Bot] Buffer Status:    ✅ ADEQUATE
2026-02-10 11:31:19 - [INFO] - [Bot] ------------------------------------
2026-02-10 11:31:19 - [INFO] - [Bot] ------------------------------------
2026-02-10 11:31:19 - [INFO] - [Bot] [ GATEKEEPER ] ACCOUNT HEALTH 🛡️
2026-02-10 11:31:19 - [INFO] - [Bot] ------------------------------------
2026-02-10 11:31:19 - [INFO] - [Bot] Active Mode:      🟡 SIMULATION
2026-02-10 11:31:19 - [INFO] - [Bot] Available Cash:   ₹ 500,000.00
2026-02-10 11:31:19 - [INFO] - [Bot] Required Margin:  ₹ 5,500.00
2026-02-10 11:31:19 - [INFO] - [Bot] Buffer Status:    ✅ ADEQUATE
2026-02-10 11:31:19 - [INFO] - [Bot] ------------------------------------
2026-02-10 11:31:19 - [INFO] - [Bot] >>> [Brain] Current Time: 11:31:19.533760
2026-02-10 11:31:19 - [INFO] - [Bot] >>> [Brain] 💰 High Capital Available.
2026-02-10 11:31:19 - [INFO] - [Bot] >>> [Brain] 📉 Standard Phase. Selected: Straddle (Premium Capture)
2026-02-10 11:31:19 - [INFO] - [Bot] >>> [Auto] 🤖 Brain selected: STRADDLE
2026-02-10 11:31:19 - [INFO] - [Bot] >>> [Strategy] Selected: 9:20 Straddle (Short) 📉
2026-02-10 11:31:19 - [INFO] - [Bot] --- NIFTY OPTION TRADER ---
2026-02-10 11:31:19 - [INFO] - [Bot] >>> [Setup] Target Expiry: 10FEB2026
2026-02-10 11:31:19 - [INFO] - [Bot] --- 9:20 STRADDLE STRATEGY (10FEB2026) ---
2026-02-10 11:31:19 - [INFO] - [Bot] ------------------------------------
2026-02-10 11:31:19 - [INFO] - [Bot] [ GATEKEEPER ] ACCOUNT HEALTH 🛡️
2026-02-10 11:31:19 - [INFO] - [Bot] ------------------------------------
2026-02-10 11:31:19 - [INFO] - [Bot] Active Mode:      🟡 SIMULATION
2026-02-10 11:31:19 - [INFO] - [Bot] Available Cash:   ₹ 500,000.00
2026-02-10 11:31:19 - [INFO] - [Bot] Required Margin:  ₹ 165,000.00
2026-02-10 11:31:19 - [INFO] - [Bot] Buffer Status:    ✅ ADEQUATE
2026-02-10 11:31:19 - [INFO] - [Bot] ------------------------------------
2026-02-10 11:31:19 - [INFO] - [Bot] >>> [Gatekeeper] ⏸️ Blackout Period (11:30:00-13:00:00). No new trades.
2026-02-10 11:31:30 - [INFO] - [Lifecycle] Strategy process finished with code 0.
2026-02-10 11:31:30 - [INFO] - [Lifecycle] ⏰ Time 09:20+ Detected. Switching to Main Auto-Strategy...
2026-02-10 11:31:30 - [INFO] - [Lifecycle] Executing: /usr/bin/python3 main.py --auto --dry-run
2026-02-10 11:31:31 - [INFO] - [Bot] 2026-02-10 11:31:31 - [INFO] - TradeRepository: Database initialized.
2026-02-10 11:31:31 - [INFO] - [Bot] [I 260210 11:31:31 smartConnect:124] in pool
2026-02-10 11:31:34 - [INFO] - [Bot] >>> [System] STARTING IN DRY RUN MODE 🟡
2026-02-10 11:31:34 - [INFO] - [Bot] (Real Data, No Orders)
2026-02-10 11:31:34 - [INFO] - [Bot] >>> [System] Connecting to Angel One...
2026-02-10 11:31:34 - [INFO] - [Bot] >>> [System] Login Successful!
2026-02-10 11:31:34 - [INFO] - [Bot] >>> [Data] Downloading Scrip Master (This may take 10s)...
2026-02-10 11:31:34 - [INFO] - [Bot] >>> [Data] Scrip Master Loaded.
2026-02-10 11:31:34 - [INFO] - [Bot] >>> [System] 🧠 SMART AUTO-MODE ACTIVATED
2026-02-10 11:31:34 - [INFO] - [Bot] >>> [Brain] 🧠 Analyzing Market Conditions...
2026-02-10 11:31:34 - [INFO] - [Bot] ------------------------------------
2026-02-10 11:31:34 - [INFO] - [Bot] [ GATEKEEPER ] ACCOUNT HEALTH 🛡️
2026-02-10 11:31:34 - [INFO] - [Bot] ------------------------------------
2026-02-10 11:31:34 - [INFO] - [Bot] Active Mode:      🟡 SIMULATION
2026-02-10 11:31:34 - [INFO] - [Bot] Available Cash:   ₹ 500,000.00
2026-02-10 11:31:34 - [INFO] - [Bot] Required Margin:  ₹ 165,000.00
2026-02-10 11:31:34 - [INFO] - [Bot] Buffer Status:    ✅ ADEQUATE
2026-02-10 11:31:34 - [INFO] - [Bot] ------------------------------------
2026-02-10 11:31:34 - [INFO] - [Bot] ------------------------------------
2026-02-10 11:31:34 - [INFO] - [Bot] [ GATEKEEPER ] ACCOUNT HEALTH 🛡️
2026-02-10 11:31:34 - [INFO] - [Bot] ------------------------------------
2026-02-10 11:31:34 - [INFO] - [Bot] Active Mode:      🟡 SIMULATION
2026-02-10 11:31:34 - [INFO] - [Bot] Available Cash:   ₹ 500,000.00
2026-02-10 11:31:34 - [INFO] - [Bot] Required Margin:  ₹ 5,500.00
2026-02-10 11:31:34 - [INFO] - [Bot] Buffer Status:    ✅ ADEQUATE
2026-02-10 11:31:34 - [INFO] - [Bot] ------------------------------------
2026-02-10 11:31:34 - [INFO] - [Bot] >>> [Brain] Current Time: 11:31:34.618871
2026-02-10 11:31:34 - [INFO] - [Bot] >>> [Brain] 💰 High Capital Available.
2026-02-10 11:31:34 - [INFO] - [Bot] >>> [Brain] 📉 Standard Phase. Selected: Straddle (Premium Capture)
2026-02-10 11:31:34 - [INFO] - [Bot] >>> [Auto] 🤖 Brain selected: STRADDLE
2026-02-10 11:31:34 - [INFO] - [Bot] >>> [Strategy] Selected: 9:20 Straddle (Short) 📉
2026-02-10 11:31:34 - [INFO] - [Bot] --- NIFTY OPTION TRADER ---
2026-02-10 11:31:34 - [INFO] - [Bot] >>> [Setup] Target Expiry: 10FEB2026
2026-02-10 11:31:34 - [INFO] - [Bot] --- 9:20 STRADDLE STRATEGY (10FEB2026) ---
2026-02-10 11:31:34 - [INFO] - [Bot] ------------------------------------
2026-02-10 11:31:34 - [INFO] - [Bot] [ GATEKEEPER ] ACCOUNT HEALTH 🛡️
2026-02-10 11:31:34 - [INFO] - [Bot] ------------------------------------
2026-02-10 11:31:34 - [INFO] - [Bot] Active Mode:      🟡 SIMULATION
2026-02-10 11:31:34 - [INFO] - [Bot] Available Cash:   ₹ 500,000.00
2026-02-10 11:31:34 - [INFO] - [Bot] Required Margin:  ₹ 165,000.00
2026-02-10 11:31:34 - [INFO] - [Bot] Buffer Status:    ✅ ADEQUATE
2026-02-10 11:31:34 - [INFO] - [Bot] ------------------------------------
2026-02-10 11:31:34 - [INFO] - [Bot] >>> [Gatekeeper] ⏸️ Blackout Period (11:30:00-13:00:00). No new trades.

-------------------------------------------
   NIFTY BOT LIFECYCLE MANAGER 🤖⏰
-------------------------------------------
1. 09:15 AM -> Attempt OHL Scalp
2. 09:20 AM -> Switch to Smart Auto Mode
3. 15:30 PM -> Auto Shutdown
-------------------------------------------

INFO:     127.0.0.1:36066 - "GET /api/daily-summary HTTP/1.1" 200 OK
2026-02-10 11:31:45 - [INFO] - [Lifecycle] Strategy process finished with code 0.
2026-02-10 11:31:45 - [INFO] - [Lifecycle] ⏰ Time 09:20+ Detected. Switching to Main Auto-Strategy...
2026-02-10 11:31:45 - [INFO] - [Lifecycle] Executing: /usr/bin/python3 main.py --auto --dry-run
2026-02-10 11:31:46 - [INFO] - [Bot] 2026-02-10 11:31:46 - [INFO] - TradeRepository: Database initialized.
2026-02-10 11:31:46 - [INFO] - [Bot] [I 260210 11:31:46 smartConnect:124] in pool
2026-02-10 11:31:48 - [INFO] - [Bot] >>> [System] STARTING IN DRY RUN MODE 🟡
2026-02-10 11:31:48 - [INFO] - [Bot] (Real Data, No Orders)
2026-02-10 11:31:48 - [INFO] - [Bot] >>> [System] Connecting to Angel One...
2026-02-10 11:31:48 - [INFO] - [Bot] >>> [System] Login Successful!
2026-02-10 11:31:48 - [INFO] - [Bot] >>> [Data] Downloading Scrip Master (This may take 10s)...
2026-02-10 11:31:48 - [INFO] - [Bot] >>> [Data] Scrip Master Loaded.
2026-02-10 11:31:48 - [INFO] - [Bot] >>> [System] 🧠 SMART AUTO-MODE ACTIVATED
2026-02-10 11:31:48 - [INFO] - [Bot] >>> [Brain] 🧠 Analyzing Market Conditions...
2026-02-10 11:31:48 - [INFO] - [Bot] ------------------------------------
2026-02-10 11:31:48 - [INFO] - [Bot] [ GATEKEEPER ] ACCOUNT HEALTH 🛡️
2026-02-10 11:31:48 - [INFO] - [Bot] ------------------------------------
2026-02-10 11:31:48 - [INFO] - [Bot] Active Mode:      🟡 SIMULATION
2026-02-10 11:31:48 - [INFO] - [Bot] Available Cash:   ₹ 500,000.00
2026-02-10 11:31:48 - [INFO] - [Bot] Required Margin:  ₹ 165,000.00
2026-02-10 11:31:48 - [INFO] - [Bot] Buffer Status:    ✅ ADEQUATE
2026-02-10 11:31:48 - [INFO] - [Bot] ------------------------------------
2026-02-10 11:31:48 - [INFO] - [Bot] ------------------------------------
2026-02-10 11:31:48 - [INFO] - [Bot] [ GATEKEEPER ] ACCOUNT HEALTH 🛡️
2026-02-10 11:31:48 - [INFO] - [Bot] ------------------------------------
2026-02-10 11:31:48 - [INFO] - [Bot] Active Mode:      🟡 SIMULATION
2026-02-10 11:31:48 - [INFO] - [Bot] Available Cash:   ₹ 500,000.00
2026-02-10 11:31:48 - [INFO] - [Bot] Required Margin:  ₹ 5,500.00
2026-02-10 11:31:48 - [INFO] - [Bot] Buffer Status:    ✅ ADEQUATE
2026-02-10 11:31:48 - [INFO] - [Bot] ------------------------------------
2026-02-10 11:31:48 - [INFO] - [Bot] >>> [Brain] Current Time: 11:31:48.769458
2026-02-10 11:31:48 - [INFO] - [Bot] >>> [Brain] 💰 High Capital Available.
2026-02-10 11:31:48 - [INFO] - [Bot] >>> [Brain] 📉 Standard Phase. Selected: Straddle (Premium Capture)
2026-02-10 11:31:48 - [INFO] - [Bot] >>> [Auto] 🤖 Brain selected: STRADDLE
2026-02-10 11:31:48 - [INFO] - [Bot] >>> [Strategy] Selected: 9:20 Straddle (Short) 📉
2026-02-10 11:31:48 - [INFO] - [Bot] --- NIFTY OPTION TRADER ---
2026-02-10 11:31:48 - [INFO] - [Bot] >>> [Setup] Target Expiry: 10FEB2026
2026-02-10 11:31:48 - [INFO] - [Bot] --- 9:20 STRADDLE STRATEGY (10FEB2026) ---
2026-02-10 11:31:48 - [INFO] - [Bot] ------------------------------------
2026-02-10 11:31:48 - [INFO] - [Bot] [ GATEKEEPER ] ACCOUNT HEALTH 🛡️
2026-02-10 11:31:48 - [INFO] - [Bot] ------------------------------------
2026-02-10 11:31:48 - [INFO] - [Bot] Active Mode:      🟡 SIMULATION
2026-02-10 11:31:48 - [INFO] - [Bot] Available Cash:   ₹ 500,000.00
2026-02-10 11:31:48 - [INFO] - [Bot] Required Margin:  ₹ 165,000.00
2026-02-10 11:31:48 - [INFO] - [Bot] Buffer Status:    ✅ ADEQUATE
2026-02-10 11:31:48 - [INFO] - [Bot] ------------------------------------
2026-02-10 11:31:48 - [INFO] - [Bot] >>> [Gatekeeper] ⏸️ Blackout Period (11:30:00-13:00:00). No new trades.
2026-02-10 11:32:00 - [INFO] - [Lifecycle] Strategy process finished with code 0.
2026-02-10 11:32:00 - [INFO] - [Lifecycle] ⏰ Time 09:20+ Detected. Switching to Main Auto-Strategy...
2026-02-10 11:32:00 - [INFO] - [Lifecycle] Executing: /usr/bin/python3 main.py --auto --dry-run
2026-02-10 11:32:01 - [INFO] - [Bot] 2026-02-10 11:32:01 - [INFO] - TradeRepository: Database initialized.
2026-02-10 11:32:01 - [INFO] - [Bot] [I 260210 11:32:01 smartConnect:124] in pool
2026-02-10 11:32:05 - [INFO] - [Bot] >>> [System] STARTING IN DRY RUN MODE 🟡
2026-02-10 11:32:05 - [INFO] - [Bot] (Real Data, No Orders)
2026-02-10 11:32:05 - [INFO] - [Bot] >>> [System] Connecting to Angel One...
2026-02-10 11:32:05 - [INFO] - [Bot] >>> [System] Login Successful!
2026-02-10 11:32:05 - [INFO] - [Bot] >>> [Data] Downloading Scrip Master (This may take 10s)...
2026-02-10 11:32:05 - [INFO] - [Bot] >>> [Data] Scrip Master Loaded.
2026-02-10 11:32:05 - [INFO] - [Bot] >>> [System] 🧠 SMART AUTO-MODE ACTIVATED
2026-02-10 11:32:05 - [INFO] - [Bot] >>> [Brain] 🧠 Analyzing Market Conditions...
2026-02-10 11:32:05 - [INFO] - [Bot] ------------------------------------
2026-02-10 11:32:05 - [INFO] - [Bot] [ GATEKEEPER ] ACCOUNT HEALTH 🛡️
2026-02-10 11:32:05 - [INFO] - [Bot] ------------------------------------
2026-02-10 11:32:05 - [INFO] - [Bot] Active Mode:      🟡 SIMULATION
2026-02-10 11:32:05 - [INFO] - [Bot] Available Cash:   ₹ 500,000.00
2026-02-10 11:32:05 - [INFO] - [Bot] Required Margin:  ₹ 165,000.00
2026-02-10 11:32:05 - [INFO] - [Bot] Buffer Status:    ✅ ADEQUATE
2026-02-10 11:32:05 - [INFO] - [Bot] ------------------------------------
2026-02-10 11:32:05 - [INFO] - [Bot] ------------------------------------
2026-02-10 11:32:05 - [INFO] - [Bot] [ GATEKEEPER ] ACCOUNT HEALTH 🛡️
2026-02-10 11:32:05 - [INFO] - [Bot] ------------------------------------
2026-02-10 11:32:05 - [INFO] - [Bot] Active Mode:      🟡 SIMULATION
2026-02-10 11:32:05 - [INFO] - [Bot] Available Cash:   ₹ 500,000.00
2026-02-10 11:32:05 - [INFO] - [Bot] Required Margin:  ₹ 5,500.00
2026-02-10 11:32:05 - [INFO] - [Bot] Buffer Status:    ✅ ADEQUATE
2026-02-10 11:32:05 - [INFO] - [Bot] ------------------------------------
2026-02-10 11:32:05 - [INFO] - [Bot] >>> [Brain] Current Time: 11:32:05.218688
2026-02-10 11:32:05 - [INFO] - [Bot] >>> [Brain] 💰 High Capital Available.
2026-02-10 11:32:05 - [INFO] - [Bot] >>> [Brain] 📉 Standard Phase. Selected: Straddle (Premium Capture)
2026-02-10 11:32:05 - [INFO] - [Bot] >>> [Auto] 🤖 Brain selected: STRADDLE
2026-02-10 11:32:05 - [INFO] - [Bot] >>> [Strategy] Selected: 9:20 Straddle (Short) 📉
2026-02-10 11:32:05 - [INFO] - [Bot] --- NIFTY OPTION TRADER ---
2026-02-10 11:32:05 - [INFO] - [Bot] >>> [Setup] Target Expiry: 10FEB2026
2026-02-10 11:32:05 - [INFO] - [Bot] --- 9:20 STRADDLE STRATEGY (10FEB2026) ---
2026-02-10 11:32:05 - [INFO] - [Bot] ------------------------------------
2026-02-10 11:32:05 - [INFO] - [Bot] [ GATEKEEPER ] ACCOUNT HEALTH 🛡️
2026-02-10 11:32:05 - [INFO] - [Bot] ------------------------------------
2026-02-10 11:32:05 - [INFO] - [Bot] Active Mode:      🟡 SIMULATION
2026-02-10 11:32:05 - [INFO] - [Bot] Available Cash:   ₹ 500,000.00
2026-02-10 11:32:05 - [INFO] - [Bot] Required Margin:  ₹ 165,000.00
2026-02-10 11:32:05 - [INFO] - [Bot] Buffer Status:    ✅ ADEQUATE
2026-02-10 11:32:05 - [INFO] - [Bot] ------------------------------------
2026-02-10 11:32:05 - [INFO] - [Bot] >>> [Gatekeeper] ⏸️ Blackout Period (11:30:00-13:00:00). No new trades.
2026-02-10 11:32:15 - [INFO] - [Lifecycle] Strategy process finished with code 0.
2026-02-10 11:32:15 - [INFO] - [Lifecycle] ⏰ Time 09:20+ Detected. Switching to Main Auto-Strategy...
2026-02-10 11:32:15 - [INFO] - [Lifecycle] Executing: /usr/bin/python3 main.py --auto --dry-run
2026-02-10 11:32:16 - [INFO] - [Bot] 2026-02-10 11:32:16 - [INFO] - TradeRepository: Database initialized.
2026-02-10 11:32:16 - [INFO] - [Bot] [I 260210 11:32:16 smartConnect:124] in pool
2026-02-10 11:32:19 - [INFO] - [Bot] >>> [System] STARTING IN DRY RUN MODE 🟡
2026-02-10 11:32:19 - [INFO] - [Bot] (Real Data, No Orders)
2026-02-10 11:32:19 - [INFO] - [Bot] >>> [System] Connecting to Angel One...
2026-02-10 11:32:19 - [INFO] - [Bot] >>> [System] Login Successful!
2026-02-10 11:32:19 - [INFO] - [Bot] >>> [Data] Downloading Scrip Master (This may take 10s)...
2026-02-10 11:32:19 - [INFO] - [Bot] >>> [Data] Scrip Master Loaded.
2026-02-10 11:32:19 - [INFO] - [Bot] >>> [System] 🧠 SMART AUTO-MODE ACTIVATED
2026-02-10 11:32:19 - [INFO] - [Bot] >>> [Brain] 🧠 Analyzing Market Conditions...
2026-02-10 11:32:19 - [INFO] - [Bot] ------------------------------------
2026-02-10 11:32:19 - [INFO] - [Bot] [ GATEKEEPER ] ACCOUNT HEALTH 🛡️
2026-02-10 11:32:19 - [INFO] - [Bot] ------------------------------------
2026-02-10 11:32:19 - [INFO] - [Bot] Active Mode:      🟡 SIMULATION
2026-02-10 11:32:19 - [INFO] - [Bot] Available Cash:   ₹ 500,000.00
2026-02-10 11:32:19 - [INFO] - [Bot] Required Margin:  ₹ 165,000.00
2026-02-10 11:32:19 - [INFO] - [Bot] Buffer Status:    ✅ ADEQUATE
2026-02-10 11:32:19 - [INFO] - [Bot] ------------------------------------
2026-02-10 11:32:19 - [INFO] - [Bot] ------------------------------------
2026-02-10 11:32:19 - [INFO] - [Bot] [ GATEKEEPER ] ACCOUNT HEALTH 🛡️
2026-02-10 11:32:19 - [INFO] - [Bot] ------------------------------------
2026-02-10 11:32:19 - [INFO] - [Bot] Active Mode:      🟡 SIMULATION
2026-02-10 11:32:19 - [INFO] - [Bot] Available Cash:   ₹ 500,000.00
2026-02-10 11:32:19 - [INFO] - [Bot] Required Margin:  ₹ 5,500.00
2026-02-10 11:32:19 - [INFO] - [Bot] Buffer Status:    ✅ ADEQUATE
2026-02-10 11:32:19 - [INFO] - [Bot] ------------------------------------
2026-02-10 11:32:19 - [INFO] - [Bot] >>> [Brain] Current Time: 11:32:19.228299
2026-02-10 11:32:19 - [INFO] - [Bot] >>> [Brain] 💰 High Capital Available.
2026-02-10 11:32:19 - [INFO] - [Bot] >>> [Brain] 📉 Standard Phase. Selected: Straddle (Premium Capture)
2026-02-10 11:32:19 - [INFO] - [Bot] >>> [Auto] 🤖 Brain selected: STRADDLE
2026-02-10 11:32:19 - [INFO] - [Bot] >>> [Strategy] Selected: 9:20 Straddle (Short) 📉
2026-02-10 11:32:19 - [INFO] - [Bot] --- NIFTY OPTION TRADER ---
2026-02-10 11:32:19 - [INFO] - [Bot] >>> [Setup] Target Expiry: 10FEB2026
2026-02-10 11:32:19 - [INFO] - [Bot] --- 9:20 STRADDLE STRATEGY (10FEB2026) ---
2026-02-10 11:32:19 - [INFO] - [Bot] ------------------------------------
2026-02-10 11:32:19 - [INFO] - [Bot] [ GATEKEEPER ] ACCOUNT HEALTH 🛡️
2026-02-10 11:32:19 - [INFO] - [Bot] ------------------------------------
2026-02-10 11:32:19 - [INFO] - [Bot] Active Mode:      🟡 SIMULATION
2026-02-10 11:32:19 - [INFO] - [Bot] Available Cash:   ₹ 500,000.00
2026-02-10 11:32:19 - [INFO] - [Bot] Required Margin:  ₹ 165,000.00
2026-02-10 11:32:19 - [INFO] - [Bot] Buffer Status:    ✅ ADEQUATE
2026-02-10 11:32:19 - [INFO] - [Bot] ------------------------------------
2026-02-10 11:32:19 - [INFO] - [Bot] >>> [Gatekeeper] ⏸️ Blackout Period (11:30:00-13:00:00). No new trades.
2026-02-10 11:32:30 - [INFO] - [Lifecycle] Strategy process finished with code 0.
2026-02-10 11:32:30 - [INFO] - [Lifecycle] ⏰ Time 09:20+ Detected. Switching to Main Auto-Strategy...
2026-02-10 11:32:30 - [INFO] - [Lifecycle] Executing: /usr/bin/python3 main.py --auto --dry-run
2026-02-10 11:32:31 - [INFO] - [Bot] 2026-02-10 11:32:31 - [INFO] - TradeRepository: Database initialized.
2026-02-10 11:32:31 - [INFO] - [Bot] [I 260210 11:32:31 smartConnect:124] in pool
2026-02-10 11:32:34 - [INFO] - [Bot] >>> [System] STARTING IN DRY RUN MODE 🟡
2026-02-10 11:32:34 - [INFO] - [Bot] (Real Data, No Orders)
2026-02-10 11:32:34 - [INFO] - [Bot] >>> [System] Connecting to Angel One...
2026-02-10 11:32:34 - [INFO] - [Bot] >>> [System] Login Successful!
2026-02-10 11:32:34 - [INFO] - [Bot] >>> [Data] Downloading Scrip Master (This may take 10s)...
2026-02-10 11:32:34 - [INFO] - [Bot] >>> [Data] Scrip Master Loaded.
2026-02-10 11:32:34 - [INFO] - [Bot] >>> [System] 🧠 SMART AUTO-MODE ACTIVATED
2026-02-10 11:32:34 - [INFO] - [Bot] >>> [Brain] 🧠 Analyzing Market Conditions...
2026-02-10 11:32:34 - [INFO] - [Bot] ------------------------------------
2026-02-10 11:32:34 - [INFO] - [Bot] [ GATEKEEPER ] ACCOUNT HEALTH 🛡️
2026-02-10 11:32:34 - [INFO] - [Bot] ------------------------------------
2026-02-10 11:32:34 - [INFO] - [Bot] Active Mode:      🟡 SIMULATION
2026-02-10 11:32:34 - [INFO] - [Bot] Available Cash:   ₹ 500,000.00
2026-02-10 11:32:34 - [INFO] - [Bot] Required Margin:  ₹ 165,000.00
2026-02-10 11:32:34 - [INFO] - [Bot] Buffer Status:    ✅ ADEQUATE
2026-02-10 11:32:34 - [INFO] - [Bot] ------------------------------------
2026-02-10 11:32:34 - [INFO] - [Bot] ------------------------------------
2026-02-10 11:32:34 - [INFO] - [Bot] [ GATEKEEPER ] ACCOUNT HEALTH 🛡️
2026-02-10 11:32:34 - [INFO] - [Bot] ------------------------------------
2026-02-10 11:32:34 - [INFO] - [Bot] Active Mode:      🟡 SIMULATION
2026-02-10 11:32:34 - [INFO] - [Bot] Available Cash:   ₹ 500,000.00
2026-02-10 11:32:34 - [INFO] - [Bot] Required Margin:  ₹ 5,500.00
2026-02-10 11:32:34 - [INFO] - [Bot] Buffer Status:    ✅ ADEQUATE
2026-02-10 11:32:34 - [INFO] - [Bot] ------------------------------------
2026-02-10 11:32:34 - [INFO] - [Bot] >>> [Brain] Current Time: 11:32:34.061900
2026-02-10 11:32:34 - [INFO] - [Bot] >>> [Brain] 💰 High Capital Available.
2026-02-10 11:32:34 - [INFO] - [Bot] >>> [Brain] 📉 Standard Phase. Selected: Straddle (Premium Capture)
2026-02-10 11:32:34 - [INFO] - [Bot] >>> [Auto] 🤖 Brain selected: STRADDLE
2026-02-10 11:32:34 - [INFO] - [Bot] >>> [Strategy] Selected: 9:20 Straddle (Short) 📉
2026-02-10 11:32:34 - [INFO] - [Bot] --- NIFTY OPTION TRADER ---
2026-02-10 11:32:34 - [INFO] - [Bot] >>> [Setup] Target Expiry: 10FEB2026
2026-02-10 11:32:34 - [INFO] - [Bot] --- 9:20 STRADDLE STRATEGY (10FEB2026) ---
2026-02-10 11:32:34 - [INFO] - [Bot] ------------------------------------
2026-02-10 11:32:34 - [INFO] - [Bot] [ GATEKEEPER ] ACCOUNT HEALTH 🛡️
2026-02-10 11:32:34 - [INFO] - [Bot] ------------------------------------
2026-02-10 11:32:34 - [INFO] - [Bot] Active Mode:      🟡 SIMULATION
2026-02-10 11:32:34 - [INFO] - [Bot] Available Cash:   ₹ 500,000.00
2026-02-10 11:32:34 - [INFO] - [Bot] Required Margin:  ₹ 165,000.00
2026-02-10 11:32:34 - [INFO] - [Bot] Buffer Status:    ✅ ADEQUATE
2026-02-10 11:32:34 - [INFO] - [Bot] ------------------------------------
2026-02-10 11:32:34 - [INFO] - [Bot] >>> [Gatekeeper] ⏸️ Blackout Period (11:30:00-13:00:00). No new trades.
INFO:     Shutting down
INFO:     Waiting for application shutdown.
INFO:     Application shutdown complete.
INFO:     Finished server process [462444]
